\BOOKMARK [0][-]{chapter*.2}{\376\377\000A\000B\000S\000T\000R\000A\000K}{}% 1
\BOOKMARK [0][-]{chapter*.3}{\376\377\000D\000A\000F\000T\000A\000R\000\040\000I\000S\000I}{}% 2
\BOOKMARK [0][-]{chapter*.4}{\376\377\000D\000A\000F\000T\000A\000R\000\040\000G\000A\000M\000B\000A\000R}{}% 3
\BOOKMARK [0][-]{chapter*.5}{\376\377\000D\000A\000F\000T\000A\000R\000\040\000T\000A\000B\000E\000L}{}% 4
\BOOKMARK [0][-]{chapter.1}{\376\377\0001\000\040\000P\000E\000N\000D\000A\000H\000U\000L\000U\000A\000N}{}% 5
\BOOKMARK [1][-]{section.1.1}{\376\377\0001\000.\0001\000\040\000L\000a\000t\000a\000r\000\040\000B\000e\000l\000a\000k\000a\000n\000g}{chapter.1}% 6
\BOOKMARK [1][-]{section.1.2}{\376\377\0001\000.\0002\000\040\000R\000u\000m\000u\000s\000a\000n\000\040\000M\000a\000s\000a\000l\000a\000h}{chapter.1}% 7
\BOOKMARK [1][-]{section.1.3}{\376\377\0001\000.\0003\000\040\000B\000a\000t\000a\000s\000a\000n\000\040\000M\000a\000s\000a\000l\000a\000h\000\040\000a\000t\000a\000u\000\040\000R\000u\000a\000n\000g\000\040\000L\000i\000n\000g\000k\000u\000p}{chapter.1}% 8
\BOOKMARK [1][-]{section.1.4}{\376\377\0001\000.\0004\000\040\000T\000u\000j\000u\000a\000n}{chapter.1}% 9
\BOOKMARK [1][-]{section.1.5}{\376\377\0001\000.\0005\000\040\000M\000a\000n\000f\000a\000a\000t}{chapter.1}% 10
\BOOKMARK [0][-]{chapter.2}{\376\377\0002\000\040\000T\000I\000N\000J\000A\000U\000A\000N\000\040\000P\000U\000S\000T\000A\000K\000A}{}% 11
\BOOKMARK [1][-]{section.2.1}{\376\377\0002\000.\0001\000\040\000A\000n\000a\000l\000i\000t\000i\000k\000\040\000P\000e\000r\000i\000l\000a\000k\000u\000\040\000K\000o\000n\000s\000u\000m\000e\000n\000\040\000p\000a\000d\000a\000\040\000A\000r\000e\000a\000\040\000K\000o\000m\000e\000r\000s\000i\000a\000l}{chapter.2}% 12
\BOOKMARK [1][-]{section.2.2}{\376\377\0002\000.\0002\000\040\000D\000e\000t\000e\000k\000s\000i\000\040\000O\000b\000j\000e\000k\000\040\000\050\000Y\000O\000L\000O\000\051}{chapter.2}% 13
\BOOKMARK [1][-]{section.2.3}{\376\377\0002\000.\0003\000\040\000M\000u\000l\000t\000i\000-\000O\000b\000j\000e\000c\000t\000\040\000T\000r\000a\000c\000k\000i\000n\000g\000\040\000\050\000M\000O\000T\000\051}{chapter.2}% 14
\BOOKMARK [2][-]{subsection.2.3.1}{\376\377\0002\000.\0003\000.\0001\000\040\000P\000a\000r\000a\000d\000i\000g\000m\000a\000\040\000T\000r\000a\000c\000k\000i\000n\000g\000-\000b\000y\000-\000D\000e\000t\000e\000c\000t\000i\000o\000n}{section.2.3}% 15
\BOOKMARK [2][-]{subsection.2.3.2}{\376\377\0002\000.\0003\000.\0002\000\040\000T\000a\000n\000t\000a\000n\000g\000a\000n\000\040\000O\000k\000l\000u\000s\000i\000\040\000d\000a\000n\000\040\000F\000r\000a\000g\000m\000e\000n\000t\000a\000s\000i\000\040\000I\000d\000e\000n\000t\000i\000t\000a\000s\000\040\000\050\000I\000d\000e\000n\000t\000i\000t\000y\000\040\000C\000h\000u\000r\000n\000\051}{section.2.3}% 16
\BOOKMARK [2][-]{subsection.2.3.3}{\376\377\0002\000.\0003\000.\0003\000\040\000A\000l\000g\000o\000r\000i\000t\000m\000a\000\040\000P\000e\000l\000a\000c\000a\000k\000a\000n\000\040\000O\000b\000j\000e\000k\000\040\000K\000o\000n\000t\000e\000m\000p\000o\000r\000e\000r}{section.2.3}% 17
\BOOKMARK [1][-]{section.2.4}{\376\377\0002\000.\0004\000\040\000M\000e\000t\000r\000i\000k\000\040\000E\000v\000a\000l\000u\000a\000s\000i\000\040\000P\000e\000l\000a\000c\000a\000k\000a\000n\000\040\000S\000t\000a\000n\000d\000a\000r\000\040\000A\000k\000a\000d\000e\000m\000i\000k}{chapter.2}% 18
\BOOKMARK [1][-]{section.2.5}{\376\377\0002\000.\0005\000\040\000P\000e\000n\000e\000l\000i\000t\000i\000a\000n\000\040\000T\000e\000r\000k\000a\000i\000t}{chapter.2}% 19
\BOOKMARK [0][-]{chapter.3}{\376\377\0003\000\040\000M\000E\000T\000O\000D\000O\000L\000O\000G\000I\000\040\000P\000E\000N\000E\000L\000I\000T\000I\000A\000N}{}% 20
\BOOKMARK [1][-]{section.3.1}{\376\377\0003\000.\0001\000\040\000D\000i\000a\000g\000r\000a\000m\000\040\000A\000l\000i\000r\000\040\000P\000e\000n\000e\000l\000i\000t\000i\000a\000n}{chapter.3}% 21
\BOOKMARK [1][-]{section.3.2}{\376\377\0003\000.\0002\000\040\000P\000e\000n\000g\000u\000m\000p\000u\000l\000a\000n\000\040\000D\000a\000t\000a\000\040\000d\000a\000n\000\040\000L\000i\000n\000g\000k\000u\000n\000g\000a\000n\000\040\000E\000k\000s\000p\000e\000r\000i\000m\000e\000n}{chapter.3}% 22
\BOOKMARK [2][-]{subsection.3.2.1}{\376\377\0003\000.\0002\000.\0001\000\040\000K\000a\000r\000a\000k\000t\000e\000r\000i\000s\000t\000i\000k\000\040\000D\000a\000t\000a\000\040\000V\000i\000d\000e\000o\000\040\000U\000j\000i}{section.3.2}% 23
\BOOKMARK [0][-]{chapter.4}{\376\377\0004\000\040\000H\000A\000S\000I\000L\000\040\000Y\000A\000N\000G\000\040\000D\000I\000H\000A\000R\000A\000P\000K\000A\000N}{}% 24
\BOOKMARK [1][-]{section.4.1}{\376\377\0004\000.\0001\000\040\000H\000a\000s\000i\000l\000\040\000y\000a\000n\000g\000\040\000D\000i\000h\000a\000r\000a\000p\000k\000a\000n\000\040\000d\000a\000r\000i\000\040\000P\000e\000n\000e\000l\000i\000t\000i\000a\000n}{chapter.4}% 25
\BOOKMARK [1][-]{section.4.2}{\376\377\0004\000.\0002\000\040\000H\000a\000s\000i\000l\000\040\000P\000e\000n\000d\000a\000h\000u\000l\000u\000a\000n}{chapter.4}% 26
\BOOKMARK [0][-]{chapter.5}{\376\377\0005\000\040\000J\000A\000D\000W\000A\000L\000\040\000P\000E\000N\000E\000L\000I\000T\000I\000A\000N}{}% 27
\BOOKMARK [0][-]{chapter*.10}{\376\377\000D\000A\000F\000T\000A\000R\000\040\000P\000U\000S\000T\000A\000K\000A}{}% 28
